// Jest Snapshot v1, https://goo.gl/fbAQLP

exports[`<Home /> renders correctly 1`] = `
<RCTSafeAreaView
  emulateUnlessSupported={true}
  style={
    Object {
      "flex": 1,
    }
  }
>
  <View
    style={
      Object {
        "flex": 1,
        "paddingBottom": 24,
        "paddingHorizontal": 37.5,
      }
    }
  >
    <View>
      <Text
        style={
          Object {
            "color": "black",
            "fontFamily": "OpenSans-Bold",
            "fontSize": 34,
            "textAlign": "center",
          }
        }
      >
        Things you can say to annoy designers.
      </Text>
    </View>
    <View
      style={
        Object {
          "alignItems": "center",
          "flex": 1,
          "justifyContent": "center",
          "marginVertical": 32,
        }
      }
    >
      <ActivityIndicator
        size="large"
      />
    </View>
    <View
      accessible={true}
      collapsable={false}
      focusable={true}
      onBlur={[Function]}
      onClick={[Function]}
      onFocus={[Function]}
      onResponderGrant={[Function]}
      onResponderMove={[Function]}
      onResponderRelease={[Function]}
      onResponderTerminate={[Function]}
      onResponderTerminationRequest={[Function]}
      onStartShouldSetResponder={[Function]}
      style={
        Object {
          "alignItems": "center",
          "backgroundColor": "black",
          "borderRadius": 8,
          "flexDirection": "row",
          "height": 60,
          "justifyContent": "center",
        }
      }
      title="Save"
    >
      <Text
        style={
          Object {
            "color": "#ecf0f1",
            "fontFamily": "OpenSans-SemiBold",
            "fontSize": 18,
          }
        }
      >
        Save
      </Text>
    </View>
  </View>
</RCTSafeAreaView>
`;
